03-06 10:54:15.374 23592 23658 E ActivityThread: Failed to find provider info for com.oplus.cardservice.repository.provider.CardServiceServerProvider
03-06 10:54:15.390 23592 23643 E ActivityThread: Failed to find provider info for com.nearme.romupdate.provider.db
03-06 10:54:15.411 23592 23635 E ActivityThread: Failed to find provider info for com.nearme.romupdate.provider.db
03-06 10:54:15.514 23592 23635 E ActivityThread: Failed to find provider info for com.nearme.romupdate.provider.db
03-06 10:54:15.750 23592 23635 E ActivityThread: Failed to find provider info for com.nearme.romupdate.provider.db
03-06 10:54:15.758 23592 23635 E ActivityThread: Failed to find provider info for com.nearme.romupdate.provider.db
03-06 10:54:15.874 23592 23701 E ActivityThread: Failed to find provider info for com.oplus.statistics.provider
03-06 10:54:25.504 24038 24073 E ActivityThread: Failed to find provider info for com.nearme.romupdate.provider.db
03-06 10:54:25.548 24038 24074 E ActivityThread: Failed to find provider info for com.nearme.romupdate.provider.db
03-06 10:54:25.552 24038 24081 E ActivityThread: Failed to find provider info for com.nearme.romupdate.provider.db
03-06 10:54:25.555 24038 24080 E ActivityThread: Failed to find provider info for com.nearme.romupdate.provider.db
03-06 10:54:25.559 24038 24085 E ActivityThread: Failed to find provider info for com.oplus.cardservice.repository.provider.CardServiceServerProvider
03-06 10:54:25.573 24038 24067 E ActivityThread: Failed to find provider info for com.nearme.romupdate.provider.db
03-06 10:54:25.580 24038 24074 E ActivityThread: Failed to find provider info for com.nearme.romupdate.provider.db
03-06 10:54:25.615 24038 24067 E ActivityThread: Failed to find provider info for com.nearme.romupdate.provider.db
03-06 10:54:25.757 24038 24067 E ActivityThread: Failed to find provider info for com.nearme.romupdate.provider.db
03-06 10:54:25.765 24038 24067 E ActivityThread: Failed to find provider info for com.nearme.romupdate.provider.db
03-06 10:54:26.029 24038 24122 E ActivityThread: Failed to find provider info for com.oplus.statistics.provider
03-06 10:56:03.381 24392 24436 E ActivityThread: Failed to find provider info for com.facebook.appmanager.nekodirect
03-06 10:56:05.519 24509 24537 E ActivityThread: Failed to find provider info for com.nearme.romupdate.provider.db
03-06 10:56:05.535 24509 24537 E ActivityThread: Failed to find provider info for com.nearme.romupdate.provider.db
03-06 10:56:05.561 24509 24546 E ActivityThread: Failed to find provider info for com.nearme.romupdate.provider.db
03-06 10:56:05.569 24509 24547 E ActivityThread: Failed to find provider info for com.oplus.cardservice.repository.provider.CardServiceServerProvider
03-06 10:56:05.570 24509 24549 E ActivityThread: Failed to find provider info for com.nearme.romupdate.provider.db
03-06 10:56:05.583 24509 24532 E ActivityThread: Failed to find provider info for com.nearme.romupdate.provider.db
03-06 10:56:05.598 24509 24538 E ActivityThread: Failed to find provider info for com.nearme.romupdate.provider.db
03-06 10:56:05.642 24509 24532 E ActivityThread: Failed to find provider info for com.nearme.romupdate.provider.db
03-06 10:56:05.669 24509 24532 E ActivityThread: Failed to find provider info for com.nearme.romupdate.provider.db
03-06 10:56:05.701 24509 24532 E ActivityThread: Failed to find provider info for com.nearme.romupdate.provider.db
03-06 10:56:06.103 24509 24584 E ActivityThread: Failed to find provider info for com.oplus.statistics.provider
03-06 10:59:28.956 25313 25490 E ActivityThread: Failed to find provider info for com.ss.android.ugc.trill.apm
03-06 10:59:28.967 25313 25490 E ActivityThread: Failed to find provider info for com.ss.android.ugc.trill.apm
03-06 11:00:24.835 25313 25445 E ActivityThread: Failed to find provider info for com.ss.android.ugc.trill.apm
03-06 11:00:24.901 25313 25445 E ActivityThread: Failed to find provider info for com.ss.android.ugc.trill.apm
03-06 11:00:25.654 25313 25490 E ActivityThread: Failed to find provider info for com.ss.android.ugc.trill.apm
03-06 11:00:25.655 25313 25490 E ActivityThread: Failed to find provider info for com.ss.android.ugc.trill.apm
03-06 11:00:54.906 25313 25445 E ActivityThread: Failed to find provider info for com.ss.android.ugc.trill.apm
03-06 11:00:55.037 25313 25445 E ActivityThread: Failed to find provider info for com.ss.android.ugc.trill.apm
03-06 11:01:03.178 26635 26686 E ActivityThread: Failed to find provider info for com.nearme.romupdate.provider.db
03-06 11:01:03.204 26635 26686 E ActivityThread: Failed to find provider info for com.nearme.romupdate.provider.db
03-06 11:01:03.206 26635 26699 E ActivityThread: Failed to find provider info for com.oplus.cardservice.repository.provider.CardServiceServerProvider
03-06 11:01:03.218 26635 26702 E ActivityThread: Failed to find provider info for com.nearme.romupdate.provider.db
03-06 11:01:03.226 26635 26703 E ActivityThread: Failed to find provider info for com.nearme.romupdate.provider.db
03-06 11:01:03.226 26635 26690 E ActivityThread: Failed to find provider info for com.nearme.romupdate.provider.db
03-06 11:01:03.276 26635 26681 E ActivityThread: Failed to find provider info for com.nearme.romupdate.provider.db
03-06 11:01:03.447 26635 26681 E ActivityThread: Failed to find provider info for com.nearme.romupdate.provider.db
03-06 11:01:03.548 26635 26681 E ActivityThread: Failed to find provider info for com.nearme.romupdate.provider.db
03-06 11:01:03.557 26635 26681 E ActivityThread: Failed to find provider info for com.nearme.romupdate.provider.db
03-06 11:01:04.004 26635 26789 E ActivityThread: Failed to find provider info for com.oplus.statistics.provider
03-06 11:07:10.474 28374 28446 E ActivityThread: Failed to find provider info for com.nearme.romupdate.provider.db
03-06 11:07:10.513 28374 28453 E ActivityThread: Failed to find provider info for com.nearme.romupdate.provider.db
03-06 11:07:10.513 28374 28446 E ActivityThread: Failed to find provider info for com.nearme.romupdate.provider.db
03-06 11:07:10.517 28374 28454 E ActivityThread: Failed to find provider info for com.nearme.romupdate.provider.db
03-06 11:07:10.540 28374 28460 E ActivityThread: Failed to find provider info for com.oplus.cardservice.repository.provider.CardServiceServerProvider
03-06 11:07:10.543 28374 28451 E ActivityThread: Failed to find provider info for com.nearme.romupdate.provider.db
03-06 11:07:10.572 28374 28443 E ActivityThread: Failed to find provider info for com.nearme.romupdate.provider.db
03-06 11:07:10.680 28374 28443 E ActivityThread: Failed to find provider info for com.nearme.romupdate.provider.db
03-06 11:07:10.688 28014 28014 E OplusCustomizeRestrictionManager: sInstance is null, start a new sInstance
03-06 11:07:10.757 28374 28443 E ActivityThread: Failed to find provider info for com.nearme.romupdate.provider.db
03-06 11:07:10.817 28374 28443 E ActivityThread: Failed to find provider info for com.nearme.romupdate.provider.db
03-06 11:07:11.541 28374 28553 E ActivityThread: Failed to find provider info for com.oplus.statistics.provider
03-06 11:07:14.947 28658 28658 E OplusCustomizeRestrictionManager: sInstance is null, start a new sInstance
03-06 11:07:36.595 28996 29302 E ActivityThread: Failed to find provider info for com.oplus.safecenter.provider.security_lock
03-06 11:07:36.835 14273 29163 E ActivityThread: Failed to find provider info for com.oplus.appplatform.dispatcher
03-06 11:07:36.837 14273 29163 E ActivityThread: Failed to find provider info for com.oplus.appplatform.dispatcher
03-06 11:07:36.843 14273 29163 E ActivityThread: Failed to find provider info for com.oplus.appplatform.dispatcher
03-06 11:07:37.433 29112 29112 E OplusCustomizeRestrictionManager: sInstance is null, start a new sInstance
03-06 11:07:38.197 29406 29469 E ActivityThread: Failed to find provider info for com.oplus.cardservice.repository.provider.CardServiceServerProvider
03-06 11:07:38.740 14273 29163 E ActivityThread: Failed to find provider info for com.oplus.appplatform.dispatcher
03-06 11:07:38.790 14273 29163 E ActivityThread: Failed to find provider info for com.oplus.appplatform.dispatcher
03-06 11:07:38.817 14273 29163 E ActivityThread: Failed to find provider info for com.oplus.appplatform.dispatcher
03-06 11:07:39.547 28996 29384 E ActivityThread: Failed to find provider info for com.oplus.securityguard.SecurityEventProvider
03-06 11:07:41.747 28996 29382 E ActivityThread: Failed to find provider info for com.oplus.romupdate.provider.db
03-06 11:07:45.499 28996 29213 E OplusCustomizeRestrictionManager: sInstance is null, start a new sInstance
03-06 11:07:45.554 28996 29299 E ActivityThread: Failed to find provider info for com.oplus.securitypermission.AppControlCenterProvider
03-06 11:07:45.606 28996 29387 E ActivityThread: Failed to find provider info for com.oplus.securityguard.SecurityEventProvider
03-06 11:07:45.735 28996 29566 E ActivityThread: Failed to find provider info for com.oplus.securitypermission.AppControlCenterProvider
03-06 11:07:47.252 30159 30192 E ActivityThread: Failed to find provider info for com.nearme.romupdate.provider.db
03-06 11:07:47.263 30159 30194 E ActivityThread: Failed to find provider info for com.nearme.romupdate.provider.db
03-06 11:07:47.285 30159 30203 E ActivityThread: Failed to find provider info for com.nearme.romupdate.provider.db
03-06 11:07:47.286 30159 30199 E ActivityThread: Failed to find provider info for com.oplus.cardservice.repository.provider.CardServiceServerProvider
03-06 11:07:47.290 30159 30202 E ActivityThread: Failed to find provider info for com.nearme.romupdate.provider.db
03-06 11:07:47.321 30159 30204 E ActivityThread: Failed to find provider info for com.nearme.romupdate.provider.db
03-06 11:07:47.355 30159 30187 E ActivityThread: Failed to find provider info for com.nearme.romupdate.provider.db
03-06 11:07:47.471 30159 30187 E ActivityThread: Failed to find provider info for com.nearme.romupdate.provider.db
03-06 11:07:47.499 30159 30187 E ActivityThread: Failed to find provider info for com.nearme.romupdate.provider.db
03-06 11:07:47.521 30159 30187 E ActivityThread: Failed to find provider info for com.nearme.romupdate.provider.db
03-06 11:07:47.944 30159 30242 E ActivityThread: Failed to find provider info for com.oplus.statistics.provider
03-06 11:09:01.093 30535 30535 E ActivityThread: Failed to find provider info for com.lemon.faceuassist.provider
03-06 11:09:02.052 30535 30687 E OplusCustomizeRestrictionManager: sInstance is null, start a new sInstance
03-06 11:09:06.354 30971 31047 E ActivityThread: Failed to find provider info for com.nearme.romupdate.provider.db
03-06 11:09:06.387 30971 31065 E ActivityThread: Failed to find provider info for com.nearme.romupdate.provider.db
03-06 11:09:06.389 30971 31052 E ActivityThread: Failed to find provider info for com.nearme.romupdate.provider.db
03-06 11:09:06.391 30971 31064 E ActivityThread: Failed to find provider info for com.nearme.romupdate.provider.db
03-06 11:09:06.409 30971 31073 E ActivityThread: Failed to find provider info for com.oplus.cardservice.repository.provider.CardServiceServerProvider
03-06 11:09:06.434 30971 31054 E ActivityThread: Failed to find provider info for com.nearme.romupdate.provider.db
03-06 11:09:06.456 30971 31042 E ActivityThread: Failed to find provider info for com.nearme.romupdate.provider.db
03-06 11:09:06.502 30971 31042 E ActivityThread: Failed to find provider info for com.nearme.romupdate.provider.db
03-06 11:09:06.643 30971 31042 E ActivityThread: Failed to find provider info for com.nearme.romupdate.provider.db
03-06 11:09:06.651 30971 31042 E ActivityThread: Failed to find provider info for com.nearme.romupdate.provider.db
03-06 11:09:08.319 31208 31208 E ActivityThread: Failed to find provider info for com.lemon.faceuassist.provider
03-06 11:09:09.227 30971 31331 E ActivityThread: Failed to find provider info for com.oplus.statistics.provider
03-06 11:10:50.296 31727 32035 E ActivityThread: Failed to find provider info for com.oplus.safecenter.provider.security_lock
03-06 11:10:50.900 31850 31850 E OplusCustomizeRestrictionManager: sInstance is null, start a new sInstance
03-06 11:10:52.930 31727 32068 E ActivityThread: Failed to find provider info for com.oplus.securityguard.SecurityEventProvider
03-06 11:10:55.256 32559 32559 E ActivityThread: Failed to find provider info for com.lemon.faceuassist.provider
03-06 11:10:55.589 31727 31922 E ActivityThread: Failed to find provider info for com.oplus.romupdate.provider.db
03-06 11:10:57.493 32698 32698 E ActivityThread: Failed to find provider info for com.lemon.faceuassist.provider
03-06 11:10:58.503 31727 32168 E OplusCustomizeRestrictionManager: sInstance is null, start a new sInstance
03-06 11:10:58.523 31727 32034 E ActivityThread: Failed to find provider info for com.oplus.securitypermission.AppControlCenterProvider
03-06 11:10:58.545 31727 31921 E ActivityThread: Failed to find provider info for com.oplus.securityguard.SecurityEventProvider
03-06 11:10:58.593 31727 32162 E ActivityThread: Failed to find provider info for com.oplus.securitypermission.AppControlCenterProvider
03-06 11:11:00.817 32698  1246 E OplusCustomizeRestrictionManager: sInstance is null, start a new sInstance
03-06 11:11:04.847  1559  1603 E ActivityThread: Failed to find provider info for com.nearme.romupdate.provider.db
03-06 11:11:04.862  1559  1603 E ActivityThread: Failed to find provider info for com.nearme.romupdate.provider.db
03-06 11:11:04.889  1559  1612 E ActivityThread: Failed to find provider info for com.oplus.cardservice.repository.provider.CardServiceServerProvider
03-06 11:11:04.891  1559  1617 E ActivityThread: Failed to find provider info for com.nearme.romupdate.provider.db
03-06 11:11:04.893  1559  1616 E ActivityThread: Failed to find provider info for com.nearme.romupdate.provider.db
03-06 11:11:04.915  1559  1627 E ActivityThread: Failed to find provider info for com.nearme.romupdate.provider.db
03-06 11:11:04.946  1559  1597 E ActivityThread: Failed to find provider info for com.nearme.romupdate.provider.db
03-06 11:11:05.029  1559  1597 E ActivityThread: Failed to find provider info for com.nearme.romupdate.provider.db
03-06 11:11:05.073  1559  1597 E ActivityThread: Failed to find provider info for com.nearme.romupdate.provider.db
03-06 11:11:05.580  1559  1714 E ActivityThread: Failed to find provider info for com.oplus.statistics.provider
03-06 11:11:10.337  1718  2262 E ActivityThread: Failed to find provider info for com.facebook.appmanager.nekodirect
03-06 11:11:14.125  2509  2542 E ActivityThread: Failed to find provider info for com.nearme.romupdate.provider.db
03-06 11:11:14.147  2509  2561 E ActivityThread: Failed to find provider info for com.nearme.romupdate.provider.db
03-06 11:11:14.159  2509  2572 E ActivityThread: Failed to find provider info for com.nearme.romupdate.provider.db
03-06 11:11:14.168  2509  2567 E ActivityThread: Failed to find provider info for com.nearme.romupdate.provider.db
03-06 11:11:14.169  2509  2581 E ActivityThread: Failed to find provider info for com.oplus.cardservice.repository.provider.CardServiceServerProvider
03-06 11:11:14.183  2509  2535 E ActivityThread: Failed to find provider info for com.nearme.romupdate.provider.db
03-06 11:11:14.204  2509  2561 E ActivityThread: Failed to find provider info for com.nearme.romupdate.provider.db
03-06 11:11:14.219  2509  2535 E ActivityThread: Failed to find provider info for com.nearme.romupdate.provider.db
03-06 11:11:14.247  2509  2535 E ActivityThread: Failed to find provider info for com.nearme.romupdate.provider.db
03-06 11:11:14.251  2509  2535 E ActivityThread: Failed to find provider info for com.nearme.romupdate.provider.db
03-06 11:11:14.622  2509  2748 E ActivityThread: Failed to find provider info for com.oplus.statistics.provider
--------- beginning of main
03-06 11:11:25.819  1002  1100 E ANDR-PERF-RESOURCEQS: Failed to apply optimization [13, 8]
03-06 11:11:25.819  1002  1100 E ANDR-PERF-OPTSHANDLER: Perflock resource /sys/class/devfreq/soc:qcom,cpu4-cpu-llcc-lat/mem_latency/ratio_ceil not supported
03-06 11:11:25.819  1002  1100 E ANDR-PERF-RESOURCEQS: Failed to apply optimization [13, 9]
03-06 11:11:26.178  1002  1100 E ANDR-PERF-OPTSHANDLER: Perflock resource /sys/class/devfreq/soc:qcom,cpu0-cpu-llcc-lat/mem_latency/ratio_ceil not supported
03-06 11:11:26.178  1002  1100 E ANDR-PERF-RESOURCEQS: Failed to apply optimization [13, 8]
03-06 11:11:26.178  1002  1100 E ANDR-PERF-OPTSHANDLER: Perflock resource /sys/class/devfreq/soc:qcom,cpu4-cpu-llcc-lat/mem_latency/ratio_ceil not supported
03-06 11:11:26.178  1002  1100 E ANDR-PERF-RESOURCEQS: Failed to apply optimization [13, 9]
03-06 11:11:26.250  1002  1100 E ANDR-PERF-OPTSHANDLER: Perflock resource /sys/class/devfreq/soc:qcom,cpu0-cpu-llcc-lat/mem_latency/ratio_ceil not supported
03-06 11:11:26.250  1002  1100 E ANDR-PERF-RESOURCEQS: Failed to apply optimization [13, 8]
03-06 11:11:26.250  1002  1100 E ANDR-PERF-OPTSHANDLER: Perflock resource /sys/class/devfreq/soc:qcom,cpu4-cpu-llcc-lat/mem_latency/ratio_ceil not supported
03-06 11:11:26.250  1002  1100 E ANDR-PERF-RESOURCEQS: Failed to apply optimization [13, 9]
03-06 11:11:26.253  1002  1100 E ANDR-PERF-OPTSHANDLER: Perflock resource /sys/class/devfreq/soc:qcom,cpu0-cpu-llcc-lat/mem_latency/ratio_ceil not supported
03-06 11:11:26.253  1002  1100 E ANDR-PERF-RESOURCEQS: Failed to apply optimization [13, 8]
03-06 11:11:26.253  1002  1100 E ANDR-PERF-OPTSHANDLER: Perflock resource /sys/class/devfreq/soc:qcom,cpu4-cpu-llcc-lat/mem_latency/ratio_ceil not supported
03-06 11:11:26.253  1002  1100 E ANDR-PERF-RESOURCEQS: Failed to apply optimization [13, 9]
03-06 11:11:26.406 16937  2844 E CheckPermission: _bluetooth code = 13 
03-06 11:11:26.946  1002  1100 E ANDR-PERF-OPTSHANDLER: Perflock resource /sys/class/devfreq/soc:qcom,cpu0-cpu-llcc-lat/mem_latency/ratio_ceil not supported
03-06 11:11:26.946  1002  1100 E ANDR-PERF-RESOURCEQS: Failed to apply optimization [13, 8]
03-06 11:11:26.946  1002  1100 E ANDR-PERF-OPTSHANDLER: Perflock resource /sys/class/devfreq/soc:qcom,cpu4-cpu-llcc-lat/mem_latency/ratio_ceil not supported
03-06 11:11:26.946  1002  1100 E ANDR-PERF-RESOURCEQS: Failed to apply optimization [13, 9]
03-06 11:11:26.993  1002  1100 E ANDR-PERF-OPTSHANDLER: Perflock resource /sys/class/devfreq/soc:qcom,cpu0-cpu-llcc-lat/mem_latency/ratio_ceil not supported
03-06 11:11:26.994  1002  1100 E ANDR-PERF-RESOURCEQS: Failed to apply optimization [13, 8]
03-06 11:11:26.994  1002  1100 E ANDR-PERF-OPTSHANDLER: Perflock resource /sys/class/devfreq/soc:qcom,cpu4-cpu-llcc-lat/mem_latency/ratio_ceil not supported
03-06 11:11:26.994  1002  1100 E ANDR-PERF-RESOURCEQS: Failed to apply optimization [13, 9]
03-06 11:11:27.050  1002  1100 E ANDR-PERF-OPTSHANDLER: Perflock resource /sys/class/devfreq/soc:qcom,cpu0-cpu-llcc-lat/mem_latency/ratio_ceil not supported
03-06 11:11:27.050  1002  1100 E ANDR-PERF-RESOURCEQS: Failed to apply optimization [13, 8]
03-06 11:11:27.050  1002  1100 E ANDR-PERF-OPTSHANDLER: Perflock resource /sys/class/devfreq/soc:qcom,cpu4-cpu-llcc-lat/mem_latency/ratio_ceil not supported
03-06 11:11:27.050  1002  1100 E ANDR-PERF-RESOURCEQS: Failed to apply optimization [13, 9]
03-06 11:11:28.324  1002  1100 E ANDR-PERF-OPTSHANDLER: Perflock resource /sys/class/devfreq/soc:qcom,cpu0-cpu-llcc-lat/mem_latency/ratio_ceil not supported
03-06 11:11:28.324  1002  1100 E ANDR-PERF-RESOURCEQS: Failed to apply optimization [13, 8]
03-06 11:11:28.324  1002  1100 E ANDR-PERF-OPTSHANDLER: Perflock resource /sys/class/devfreq/soc:qcom,cpu4-cpu-llcc-lat/mem_latency/ratio_ceil not supported
03-06 11:11:28.324  1002  1100 E ANDR-PERF-RESOURCEQS: Failed to apply optimization [13, 9]
03-06 11:11:28.727   999  1204 E SDM     : CompManager::PrepareStrategyConstraints: PrepareStrategyConstraints,idle_fallback=1, thermal_fallback_=0
03-06 11:11:29.590   999  1204 E SDM     : CompManager::PrepareStrategyConstraints: PrepareStrategyConstraints,idle_fallback=1, thermal_fallback_=0
03-06 11:11:30.843  1002  1100 E ANDR-PERF-OPTSHANDLER: Perflock resource /sys/class/devfreq/soc:qcom,cpu0-cpu-llcc-lat/mem_latency/ratio_ceil not supported
03-06 11:11:30.843  1002  1100 E ANDR-PERF-RESOURCEQS: Failed to apply optimization [13, 8]
03-06 11:11:30.843  1002  1100 E ANDR-PERF-OPTSHANDLER: Perflock resource /sys/class/devfreq/soc:qcom,cpu4-cpu-llcc-lat/mem_latency/ratio_ceil not supported
03-06 11:11:30.843  1002  1100 E ANDR-PERF-RESOURCEQS: Failed to apply optimization [13, 9]
03-06 11:11:31.239  1676  2683 E ORMS_CORE: Unsupported action!!!
03-06 11:11:31.244  1002  1100 E ANDR-PERF-OPTSHANDLER: Perflock resource /sys/class/devfreq/soc:qcom,cpu0-cpu-llcc-lat/mem_latency/ratio_ceil not supported
03-06 11:11:31.244  1002  1100 E ANDR-PERF-RESOURCEQS: Failed to apply optimization [13, 8]
03-06 11:11:31.244  1002  1100 E ANDR-PERF-OPTSHANDLER: Perflock resource /sys/class/devfreq/soc:qcom,cpu4-cpu-llcc-lat/mem_latency/ratio_ceil not supported
03-06 11:11:31.244  1002  1100 E ANDR-PERF-RESOURCEQS: Failed to apply optimization [13, 9]
03-06 11:11:31.992  1002  1100 E ANDR-PERF-OPTSHANDLER: Perflock resource /sys/class/devfreq/soc:qcom,cpu0-cpu-llcc-lat/mem_latency/ratio_ceil not supported
03-06 11:11:31.992  1002  1100 E ANDR-PERF-RESOURCEQS: Failed to apply optimization [13, 8]
03-06 11:11:31.992  1002  1100 E ANDR-PERF-OPTSHANDLER: Perflock resource /sys/class/devfreq/soc:qcom,cpu4-cpu-llcc-lat/mem_latency/ratio_ceil not supported
03-06 11:11:31.992  1002  1100 E ANDR-PERF-RESOURCEQS: Failed to apply optimization [13, 9]
03-06 11:11:32.093  1002  1100 E ANDR-PERF-OPTSHANDLER: Perflock resource /sys/class/devfreq/soc:qcom,cpu0-cpu-llcc-lat/mem_latency/ratio_ceil not supported
03-06 11:11:32.093  1002  1100 E ANDR-PERF-RESOURCEQS: Failed to apply optimization [13, 8]
03-06 11:11:32.093  1002  1100 E ANDR-PERF-OPTSHANDLER: Perflock resource /sys/class/devfreq/soc:qcom,cpu4-cpu-llcc-lat/mem_latency/ratio_ceil not supported
03-06 11:11:32.093  1002  1100 E ANDR-PERF-RESOURCEQS: Failed to apply optimization [13, 9]
03-06 11:11:32.096  1002  1100 E ANDR-PERF-OPTSHANDLER: Perflock resource /sys/class/devfreq/soc:qcom,cpu0-cpu-llcc-lat/mem_latency/ratio_ceil not supported
03-06 11:11:32.096  1002  1100 E ANDR-PERF-RESOURCEQS: Failed to apply optimization [13, 8]
03-06 11:11:32.096  1002  1100 E ANDR-PERF-OPTSHANDLER: Perflock resource /sys/class/devfreq/soc:qcom,cpu4-cpu-llcc-lat/mem_latency/ratio_ceil not supported
03-06 11:11:32.096  1002  1100 E ANDR-PERF-RESOURCEQS: Failed to apply optimization [13, 9]
03-06 11:11:32.752  1002  1100 E ANDR-PERF-OPTSHANDLER: Perflock resource /sys/class/devfreq/soc:qcom,cpu0-cpu-llcc-lat/mem_latency/ratio_ceil not supported
03-06 11:11:32.752  1002  1100 E ANDR-PERF-RESOURCEQS: Failed to apply optimization [13, 8]
03-06 11:11:32.752  1002  1100 E ANDR-PERF-OPTSHANDLER: Perflock resource /sys/class/devfreq/soc:qcom,cpu4-cpu-llcc-lat/mem_latency/ratio_ceil not supported
03-06 11:11:32.752  1002  1100 E ANDR-PERF-RESOURCEQS: Failed to apply optimization [13, 9]
03-06 11:11:32.915  1002  1100 E ANDR-PERF-OPTSHANDLER: Perflock resource /sys/class/devfreq/soc:qcom,cpu0-cpu-llcc-lat/mem_latency/ratio_ceil not supported
03-06 11:11:32.915  1002  1100 E ANDR-PERF-RESOURCEQS: Failed to apply optimization [13, 8]
03-06 11:11:32.915  1002  1100 E ANDR-PERF-OPTSHANDLER: Perflock resource /sys/class/devfreq/soc:qcom,cpu4-cpu-llcc-lat/mem_latency/ratio_ceil not supported
03-06 11:11:32.915  1002  1100 E ANDR-PERF-RESOURCEQS: Failed to apply optimization [13, 9]
03-06 11:11:33.162  1002  1100 E ANDR-PERF-OPTSHANDLER: Perflock resource /sys/class/devfreq/soc:qcom,cpu0-cpu-llcc-lat/mem_latency/ratio_ceil not supported
03-06 11:11:33.162  1002  1100 E ANDR-PERF-RESOURCEQS: Failed to apply optimization [13, 8]
03-06 11:11:33.162  1002  1100 E ANDR-PERF-OPTSHANDLER: Perflock resource /sys/class/devfreq/soc:qcom,cpu4-cpu-llcc-lat/mem_latency/ratio_ceil not supported
03-06 11:11:33.162  1002  1100 E ANDR-PERF-RESOURCEQS: Failed to apply optimization [13, 9]
03-06 11:11:33.166  1002  1100 E ANDR-PERF-OPTSHANDLER: Perflock resource /sys/class/devfreq/soc:qcom,cpu0-cpu-llcc-lat/mem_latency/ratio_ceil not supported
03-06 11:11:33.166  1002  1100 E ANDR-PERF-RESOURCEQS: Failed to apply optimization [13, 8]
03-06 11:11:33.166  1002  1100 E ANDR-PERF-OPTSHANDLER: Perflock resource /sys/class/devfreq/soc:qcom,cpu4-cpu-llcc-lat/mem_latency/ratio_ceil not supported
03-06 11:11:33.166  1002  1100 E ANDR-PERF-RESOURCEQS: Failed to apply optimization [13, 9]
03-06 11:11:33.216  1002  1100 E ANDR-PERF-OPTSHANDLER: Perflock resource /sys/class/devfreq/soc:qcom,cpu0-cpu-llcc-lat/mem_latency/ratio_ceil not supported
03-06 11:11:33.217  1002  1100 E ANDR-PERF-RESOURCEQS: Failed to apply optimization [13, 8]
03-06 11:11:33.217  1002  1100 E ANDR-PERF-OPTSHANDLER: Perflock resource /sys/class/devfreq/soc:qcom,cpu4-cpu-llcc-lat/mem_latency/ratio_ceil not supported
03-06 11:11:33.217  1002  1100 E ANDR-PERF-RESOURCEQS: Failed to apply optimization [13, 9]
03-06 11:11:33.641  1002  1100 E ANDR-PERF-OPTSHANDLER: Perflock resource /sys/class/devfreq/soc:qcom,cpu0-cpu-llcc-lat/mem_latency/ratio_ceil not supported
03-06 11:11:33.641  1002  1100 E ANDR-PERF-RESOURCEQS: Failed to apply optimization [13, 8]
03-06 11:11:33.641  1002  1100 E ANDR-PERF-OPTSHANDLER: Perflock resource /sys/class/devfreq/soc:qcom,cpu4-cpu-llcc-lat/mem_latency/ratio_ceil not supported
03-06 11:11:33.641  1002  1100 E ANDR-PERF-RESOURCEQS: Failed to apply optimization [13, 9]
03-06 11:11:34.196  1002  1100 E ANDR-PERF-OPTSHANDLER: Perflock resource /sys/class/devfreq/soc:qcom,cpu0-cpu-llcc-lat/mem_latency/ratio_ceil not supported
03-06 11:11:34.196  1002  1100 E ANDR-PERF-RESOURCEQS: Failed to apply optimization [13, 8]
03-06 11:11:34.196  1002  1100 E ANDR-PERF-OPTSHANDLER: Perflock resource /sys/class/devfreq/soc:qcom,cpu4-cpu-llcc-lat/mem_latency/ratio_ceil not supported
03-06 11:11:34.196  1002  1100 E ANDR-PERF-RESOURCEQS: Failed to apply optimization [13, 9]
03-06 11:11:34.548  1002  1100 E ANDR-PERF-OPTSHANDLER: Perflock resource /sys/class/devfreq/soc:qcom,cpu0-cpu-llcc-lat/mem_latency/ratio_ceil not supported
03-06 11:11:34.548  1002  1100 E ANDR-PERF-RESOURCEQS: Failed to apply optimization [13, 8]
03-06 11:11:34.548  1002  1100 E ANDR-PERF-OPTSHANDLER: Perflock resource /sys/class/devfreq/soc:qcom,cpu4-cpu-llcc-lat/mem_latency/ratio_ceil not supported
03-06 11:11:34.548  1002  1100 E ANDR-PERF-RESOURCEQS: Failed to apply optimization [13, 9]
03-06 11:11:34.591  1002  1100 E ANDR-PERF-OPTSHANDLER: Perflock resource /sys/class/devfreq/soc:qcom,cpu0-cpu-llcc-lat/mem_latency/ratio_ceil not supported
03-06 11:11:34.591  1002  1100 E ANDR-PERF-RESOURCEQS: Failed to apply optimization [13, 8]
03-06 11:11:34.591  1002  1100 E ANDR-PERF-OPTSHANDLER: Perflock resource /sys/class/devfreq/soc:qcom,cpu4-cpu-llcc-lat/mem_latency/ratio_ceil not supported
03-06 11:11:34.591  1002  1100 E ANDR-PERF-RESOURCEQS: Failed to apply optimization [13, 9]
03-06 11:11:34.833  1002  1100 E ANDR-PERF-OPTSHANDLER: Perflock resource /sys/class/devfreq/soc:qcom,cpu0-cpu-llcc-lat/mem_latency/ratio_ceil not supported
03-06 11:11:34.833  1002  1100 E ANDR-PERF-RESOURCEQS: Failed to apply optimization [13, 8]
03-06 11:11:34.833  1002  1100 E ANDR-PERF-OPTSHANDLER: Perflock resource /sys/class/devfreq/soc:qcom,cpu4-cpu-llcc-lat/mem_latency/ratio_ceil not supported
03-06 11:11:34.833  1002  1100 E ANDR-PERF-RESOURCEQS: Failed to apply optimization [13, 9]
03-06 11:11:35.428  1002  1100 E ANDR-PERF-OPTSHANDLER: Perflock resource /sys/class/devfreq/soc:qcom,cpu0-cpu-llcc-lat/mem_latency/ratio_ceil not supported
03-06 11:11:35.429  1002  1100 E ANDR-PERF-RESOURCEQS: Failed to apply optimization [13, 8]
03-06 11:11:35.429  1002  1100 E ANDR-PERF-OPTSHANDLER: Perflock resource /sys/class/devfreq/soc:qcom,cpu4-cpu-llcc-lat/mem_latency/ratio_ceil not supported
03-06 11:11:35.429  1002  1100 E ANDR-PERF-RESOURCEQS: Failed to apply optimization [13, 9]
03-06 11:11:36.471   999  1204 E SDM     : CompManager::PrepareStrategyConstraints: PrepareStrategyConstraints,idle_fallback=1, thermal_fallback_=0
03-06 11:11:37.399   999  1204 E SDM     : CompManager::PrepareStrategyConstraints: PrepareStrategyConstraints,idle_fallback=1, thermal_fallback_=0
03-06 11:11:41.417 16937  2916 E CheckPermission: _bluetooth code = 13 
03-06 11:11:43.261  4170  4170 E oiface  : Abnormal! com.ca_mobile[com.ca_mobile/com.ca_mobile.MainActivity#0] current fps is: 0.000000 abnormal, return 0
03-06 11:11:43.415   999  1204 E SDM     : CompManager::PrepareStrategyConstraints: PrepareStrategyConstraints,idle_fallback=1, thermal_fallback_=0
03-06 11:11:48.261  4170  4170 E oiface  : Abnormal! com.ca_mobile[com.ca_mobile/com.ca_mobile.MainActivity#0] current fps is: 0.000000 abnormal, return 0
03-06 11:11:53.261  4170  4170 E oiface  : Abnormal! com.ca_mobile[com.ca_mobile/com.ca_mobile.MainActivity#0] current fps is: 0.000000 abnormal, return 0
03-06 11:11:56.429 16937  2943 E CheckPermission: _bluetooth code = 13 
03-06 11:11:58.261  4170  4170 E oiface  : Abnormal! com.ca_mobile[com.ca_mobile/com.ca_mobile.MainActivity#0] current fps is: 0.000000 abnormal, return 0
03-06 11:12:00.040  1676  3565 E OplusCustomizeRestrictionManagerService: isBiometricDisabled start
03-06 11:12:00.041  1676  3156 E OplusCustomizeRestrictionManagerService: isBiometricDisabled start
03-06 11:12:00.758   999  1204 E SDM     : CompManager::PrepareStrategyConstraints: PrepareStrategyConstraints,idle_fallback=1, thermal_fallback_=0
03-06 11:12:01.559   999  1204 E SDM     : CompManager::PrepareStrategyConstraints: PrepareStrategyConstraints,idle_fallback=1, thermal_fallback_=0
03-06 11:12:03.262  4170  4170 E oiface  : Abnormal! com.ca_mobile[com.ca_mobile/com.ca_mobile.MainActivity#0] current fps is: 0.000000 abnormal, return 0
03-06 11:12:04.568   999  1204 E SDM     : CompManager::PrepareStrategyConstraints: PrepareStrategyConstraints,idle_fallback=1, thermal_fallback_=0
03-06 11:12:07.607   999  1204 E SDM     : CompManager::PrepareStrategyConstraints: PrepareStrategyConstraints,idle_fallback=1, thermal_fallback_=0
03-06 11:12:08.261  4170  4170 E oiface  : Abnormal! com.ca_mobile[com.ca_mobile/com.ca_mobile.MainActivity#0] current fps is: 0.000000 abnormal, return 0
03-06 11:12:10.617   999  1204 E SDM     : CompManager::PrepareStrategyConstraints: PrepareStrategyConstraints,idle_fallback=1, thermal_fallback_=0
03-06 11:12:11.443 16937  2959 E CheckPermission: _bluetooth code = 13 
03-06 11:12:22.712   999  1204 E SDM     : CompManager::PrepareStrategyConstraints: PrepareStrategyConstraints,idle_fallback=1, thermal_fallback_=0
03-06 11:12:25.720   999  1204 E SDM     : CompManager::PrepareStrategyConstraints: PrepareStrategyConstraints,idle_fallback=1, thermal_fallback_=0
03-06 11:12:26.453 16937  2985 E CheckPermission: _bluetooth code = 13 
03-06 11:12:27.103  2991  2991 E oadcastreceive: Unknown bits set in runtime_flags: 0x40000000
03-06 11:12:27.107  2991  2991 E oadcastreceive: Not starting debugger since process cannot load the jdwp agent.
03-06 11:12:27.112  2991  2991 E RefClass: java.lang.reflect.InvocationTargetException
03-06 11:12:27.146  2991  2991 E libc    : Access denied finding property "ro.odm.prev.product.name"
03-06 11:12:28.760   999  1204 E SDM     : CompManager::PrepareStrategyConstraints: PrepareStrategyConstraints,idle_fallback=1, thermal_fallback_=0
03-06 11:12:30.638  7894  7913 E OpenID  : com.coloros.gamespace:GUID:ret:T
03-06 11:12:31.768   999  1204 E SDM     : CompManager::PrepareStrategyConstraints: PrepareStrategyConstraints,idle_fallback=1, thermal_fallback_=0
03-06 11:12:33.261  4170  4170 E oiface  : Abnormal! com.ca_mobile[com.ca_mobile/com.ca_mobile.MainActivity#0] current fps is: 0.000000 abnormal, return 0
03-06 11:12:34.807   999  1204 E SDM     : CompManager::PrepareStrategyConstraints: PrepareStrategyConstraints,idle_fallback=1, thermal_fallback_=0
03-06 11:12:38.261  4170  4170 E oiface  : Abnormal! com.ca_mobile[com.ca_mobile/com.ca_mobile.MainActivity#0] current fps is: 0.000000 abnormal, return 0
03-06 11:12:41.465 16937  3142 E CheckPermission: _bluetooth code = 13 
03-06 11:12:41.755  4169  4206 E horae   : 0: back:38654,frame:37408,front:38429,  +(2139), 1 ,38800,40782,42570,40820
03-06 11:12:43.262  4170  4170 E oiface  : Abnormal! com.ca_mobile[com.ca_mobile/com.ca_mobile.MainActivity#0] current fps is: 0.000000 abnormal, return 0
03-06 11:12:43.865   999  1204 E SDM     : CompManager::PrepareStrategyConstraints: PrepareStrategyConstraints,idle_fallback=1, thermal_fallback_=0
03-06 11:12:46.904   999  1204 E SDM     : CompManager::PrepareStrategyConstraints: PrepareStrategyConstraints,idle_fallback=1, thermal_fallback_=0
03-06 11:12:48.261  4170  4170 E oiface  : Abnormal! com.ca_mobile[com.ca_mobile/com.ca_mobile.MainActivity#0] current fps is: 0.000000 abnormal, return 0
03-06 11:12:52.952   999  1204 E SDM     : CompManager::PrepareStrategyConstraints: PrepareStrategyConstraints,idle_fallback=1, thermal_fallback_=0
03-06 11:12:53.261  4170  4170 E oiface  : Abnormal! com.ca_mobile[com.ca_mobile/com.ca_mobile.MainActivity#0] current fps is: 0.000000 abnormal, return 0
03-06 11:12:56.474 16937  3181 E CheckPermission: _bluetooth code = 13 
03-06 11:12:56.983   999  1204 E SDM     : CompManager::PrepareStrategyConstraints: PrepareStrategyConstraints,idle_fallback=1, thermal_fallback_=0
03-06 11:12:58.329   999  1204 E SDM     : CompManager::PrepareStrategyConstraints: PrepareStrategyConstraints,idle_fallback=1, thermal_fallback_=0
03-06 11:12:59.650 20150 20220 E msys    : E[N WA]_WAJMNSStreamImplOnMNSFailure(287)=>[LogLevel:I] WAJMNSStream/impl/callback/onMNSFailure/p=0xb4000071e58a1900 (error=MNSTCPSocketReceive(): Connection reset by peer)
03-06 11:12:59.650 20150 20220 E msys    : E[N WA]_WAJMNSStreamImplCreateConnectionReport(194)=>[LogLevel:I] WAJMNSStream/impl/report port=5222, connectedIPVersion=4, resolvedIPAddressCount=1, dnsResolutionStartTimeMS=214031987, dnsResolutionEndTimeMS=214031988, dnsCacheHit=Yes, connectStartTimeMS=214031988, connectEndTimeMS=214032033, proxyConnectStartTimeMS=0, proxyConnectEndTimeMS=0
03-06 11:12:59.650 20150 20220 E msys    : E[N WA]_WAJMNSStreamImplUpdateStreamState(230)=>[LogLevel:I] WAJMNSStream/impl/state-changed/p=0xb4000071e58a1900 (connected=>disconnected)
03-06 11:12:59.658 20150 20209 E msys    : E[N WA]WAJMNSStreamImplDisconnectSync(497)=>[LogLevel:W] WAJMNSStream/impl/disconnect/p=0xb4000071e58a1900 (bytesSent=12043)(bytesRecv=21405)
03-06 11:12:59.688 20150 20209 E msys    : E[N WA]_WAJMNSStreamImplMNSTCPStreamCreate(352)=>[LogLevel:I] WAJMNSStream/impl/tcpStreamCreate/MNSStreamRaw/p=0xb4000071e7fe0480
03-06 11:12:59.689 20150 20209 E msys    : E[N WA]WAJMNSStreamImplCreate(412)=>[LogLevel:I] WAJMNSStream/impl/create/p=0xb4000071e7fe0480 (mnsConn=0xb4000072621e62c0)
03-06 11:12:59.689 20150 20209 E msys    : E[N WA]_WAJMNSStreamCreateMnsIpsFromIpAddressStrings(87)=>[LogLevel:I] no ip addresses provided, using DNS resolution
03-06 11:12:59.689 20150 20209 E msys    : E[N WA]WAJMNSStreamImplConnect(441)=>[LogLevel:I] WAJMNSStream/impl/connect/p=0xb4000071e7fe0480 (endpoint=g.whatsapp.net:5222)(ipAddressCount=0)
03-06 11:12:59.690 20150 20220 E msys    : E[N mns]_OnDiskCacheGetData(632)=>Start post callback cache refresh DNS resolution
03-06 11:12:59.690 20150 20209 E msys    : E[N WA]_WAJMNSStreamImplUpdateStreamState(230)=>[LogLevel:I] WAJMNSStream/impl/state-changed/p=0xb4000071e7fe0480 (initial=>connecting)
03-06 11:12:59.697 20150 20220 E msys    : E[N WA]_WAJMNSStreamImplOnMNSReady(259)=>[LogLevel:I] WAJMNSStream/impl/callback/onMNSReady/p=0xb4000071e7fe0480
03-06 11:12:59.698 20150 20220 E msys    : E[N WA]_WAJMNSStreamImplCreateConnectionReport(194)=>[LogLevel:I] WAJMNSStream/impl/report port=5222, connectedIPVersion=4, resolvedIPAddressCount=1, dnsResolutionStartTimeMS=215245044, dnsResolutionEndTimeMS=215245044, dnsCacheHit=Yes, connectStartTimeMS=215245044, connectEndTimeMS=215245051, proxyConnectStartTimeMS=0, proxyConnectEndTimeMS=0
03-06 11:12:59.698 20150 20220 E msys    : E[N WA]_WAJMNSStreamImplUpdateStreamState(230)=>[LogLevel:I] WAJMNSStream/impl/state-changed/p=0xb4000071e7fe0480 (connecting=>connected)
03-06 11:12:59.704 20150 20220 E msys    : E[N mns]_OnSystemDNSSuccessCallback(340)=>Cache refresh succeeded with system DNS resolver. IP count: 1
03-06 11:13:00.010  1676  3755 E OplusCustomizeRestrictionManagerService: isBiometricDisabled start
03-06 11:13:00.011  1676  5335 E OplusCustomizeRestrictionManagerService: isBiometricDisabled start
03-06 11:13:02.680   999  1204 E SDM     : CompManager::PrepareStrategyConstraints: PrepareStrategyConstraints,idle_fallback=1, thermal_fallback_=0
03-06 11:13:08.024   999  1203 E SDM     : CompManager::PrepareStrategyConstraints: PrepareStrategyConstraints,idle_fallback=1, thermal_fallback_=0
03-06 11:13:11.032   999  1203 E SDM     : CompManager::PrepareStrategyConstraints: PrepareStrategyConstraints,idle_fallback=1, thermal_fallback_=0
03-06 11:13:11.487 16937  3227 E CheckPermission: _bluetooth code = 13 
03-06 11:13:13.261  4170  4170 E oiface  : Abnormal! com.ca_mobile[com.ca_mobile/com.ca_mobile.MainActivity#0] current fps is: 0.000000 abnormal, return 0
03-06 11:13:14.072   999  1203 E SDM     : CompManager::PrepareStrategyConstraints: PrepareStrategyConstraints,idle_fallback=1, thermal_fallback_=0
03-06 11:13:18.261  4170  4170 E oiface  : Abnormal! com.ca_mobile[com.ca_mobile/com.ca_mobile.MainActivity#0] current fps is: 0.000000 abnormal, return 0
03-06 11:13:23.160   999  1203 E SDM     : CompManager::PrepareStrategyConstraints: PrepareStrategyConstraints,idle_fallback=1, thermal_fallback_=0
03-06 11:13:23.261  4170  4170 E oiface  : Abnormal! com.ca_mobile[com.ca_mobile/com.ca_mobile.MainActivity#0] current fps is: 0.000000 abnormal, return 0
03-06 11:13:26.168   999  1204 E SDM     : CompManager::PrepareStrategyConstraints: PrepareStrategyConstraints,idle_fallback=1, thermal_fallback_=0
03-06 11:13:26.500 16937  3249 E CheckPermission: _bluetooth code = 13 
03-06 11:13:28.261  4170  4170 E oiface  : Abnormal! com.ca_mobile[com.ca_mobile/com.ca_mobile.MainActivity#0] current fps is: 0.000000 abnormal, return 0
03-06 11:13:33.261  4170  4170 E oiface  : Abnormal! com.ca_mobile[com.ca_mobile/com.ca_mobile.MainActivity#0] current fps is: 0.000000 abnormal, return 0
03-06 11:13:36.763  4169  4206 E horae   : 0: back:38099,frame:36808,front:37855,  +(2094), 1 ,38400,40205,41604,40254
03-06 11:13:38.261  4170  4170 E oiface  : Abnormal! com.ca_mobile[com.ca_mobile/com.ca_mobile.MainActivity#0] current fps is: 0.000000 abnormal, return 0
03-06 11:13:41.510 16937  3267 E CheckPermission: _bluetooth code = 13 
03-06 11:13:43.261  4170  4170 E oiface  : Abnormal! com.ca_mobile[com.ca_mobile/com.ca_mobile.MainActivity#0] current fps is: 0.000000 abnormal, return 0
03-06 11:13:48.261  4170  4170 E oiface  : Abnormal! com.ca_mobile[com.ca_mobile/com.ca_mobile.MainActivity#0] current fps is: 0.000000 abnormal, return 0
03-06 11:13:50.361   999  1204 E SDM     : CompManager::PrepareStrategyConstraints: PrepareStrategyConstraints,idle_fallback=1, thermal_fallback_=0
03-06 11:13:53.261  4170  4170 E oiface  : Abnormal! com.ca_mobile[com.ca_mobile/com.ca_mobile.MainActivity#0] current fps is: 0.000000 abnormal, return 0
03-06 11:13:56.408   999  1204 E SDM     : CompManager::PrepareStrategyConstraints: PrepareStrategyConstraints,idle_fallback=1, thermal_fallback_=0
03-06 11:13:56.526 16937  3306 E CheckPermission: _bluetooth code = 13 
03-06 11:13:58.261  4170  4170 E oiface  : Abnormal! com.ca_mobile[com.ca_mobile/com.ca_mobile.MainActivity#0] current fps is: 0.000000 abnormal, return 0
03-06 11:14:00.014  1676  3153 E OplusCustomizeRestrictionManagerService: isBiometricDisabled start
03-06 11:14:00.014  1676  3755 E OplusCustomizeRestrictionManagerService: isBiometricDisabled start
03-06 11:14:00.759   999  1204 E SDM     : CompManager::PrepareStrategyConstraints: PrepareStrategyConstraints,idle_fallback=1, thermal_fallback_=0
03-06 11:14:03.262  4170  4170 E oiface  : Abnormal! com.ca_mobile[com.ca_mobile/com.ca_mobile.MainActivity#0] current fps is: 0.000000 abnormal, return 0
03-06 11:14:05.464   999  1204 E SDM     : CompManager::PrepareStrategyConstraints: PrepareStrategyConstraints,idle_fallback=1, thermal_fallback_=0
03-06 11:14:08.261  4170  4170 E oiface  : Abnormal! com.ca_mobile[com.ca_mobile/com.ca_mobile.MainActivity#0] current fps is: 0.000000 abnormal, return 0
03-06 11:14:08.472   999  1204 E SDM     : CompManager::PrepareStrategyConstraints: PrepareStrategyConstraints,idle_fallback=1, thermal_fallback_=0
03-06 11:14:11.537 16937  3354 E CheckPermission: _bluetooth code = 13 
03-06 11:14:13.262  4170  4170 E oiface  : Abnormal! com.ca_mobile[com.ca_mobile/com.ca_mobile.MainActivity#0] current fps is: 0.000000 abnormal, return 0
03-06 11:14:14.520   999  1204 E SDM     : CompManager::PrepareStrategyConstraints: PrepareStrategyConstraints,idle_fallback=1, thermal_fallback_=0
03-06 11:14:17.528   999  1204 E SDM     : CompManager::PrepareStrategyConstraints: PrepareStrategyConstraints,idle_fallback=1, thermal_fallback_=0
03-06 11:14:18.261  4170  4170 E oiface  : Abnormal! com.ca_mobile[com.ca_mobile/com.ca_mobile.MainActivity#0] current fps is: 0.000000 abnormal, return 0
03-06 11:14:19.717 31850 32136 E unknown:ReconnectingWebSocket: Error occurred, shutting down websocket connection: Websocket exception
03-06 11:14:19.717 31850 32136 E unknown:ReconnectingWebSocket: java.io.EOFException
03-06 11:14:19.717 31850 32136 E unknown:ReconnectingWebSocket: 	at okio.RealBufferedSource.require(RealBufferedSource.kt:199)
03-06 11:14:19.717 31850 32136 E unknown:ReconnectingWebSocket: 	at okio.RealBufferedSource.readByte(RealBufferedSource.kt:209)
03-06 11:14:19.717 31850 32136 E unknown:ReconnectingWebSocket: 	at okhttp3.internal.ws.WebSocketReader.readHeader(WebSocketReader.kt:119)
03-06 11:14:19.717 31850 32136 E unknown:ReconnectingWebSocket: 	at okhttp3.internal.ws.WebSocketReader.processNextFrame(WebSocketReader.kt:102)
03-06 11:14:19.717 31850 32136 E unknown:ReconnectingWebSocket: 	at okhttp3.internal.ws.RealWebSocket.loopReader(RealWebSocket.kt:293)
03-06 11:14:19.717 31850 32136 E unknown:ReconnectingWebSocket: 	at okhttp3.internal.ws.RealWebSocket$connect$1.onResponse(RealWebSocket.kt:195)
03-06 11:14:19.717 31850 32136 E unknown:ReconnectingWebSocket: 	at okhttp3.internal.connection.RealCall$AsyncCall.run(RealCall.kt:519)
03-06 11:14:19.717 31850 32136 E unknown:ReconnectingWebSocket: 	at java.util.concurrent.ThreadPoolExecutor.runWorker(ThreadPoolExecutor.java:1167)
03-06 11:14:19.717 31850 32136 E unknown:ReconnectingWebSocket: 	at java.util.concurrent.ThreadPoolExecutor$Worker.run(ThreadPoolExecutor.java:641)
03-06 11:14:19.717 31850 32136 E unknown:ReconnectingWebSocket: 	at java.lang.Thread.run(Thread.java:923)
03-06 11:14:19.727 11340 26246 E MtpServer: request read returned -1, errno: 5
03-06 11:14:19.836  1402 26295 E OMX-VENC: venc_dev: async_venc_message_thread interrupted to be exited
03-06 11:14:19.888  3398  3398 E on.gearhead:ca: Unknown bits set in runtime_flags: 0x40000000
03-06 11:14:19.894  3398  3398 E on.gearhead:ca: Not starting debugger since process cannot load the jdwp agent.
03-06 11:14:19.900  3398  3398 E RefClass: java.lang.reflect.InvocationTargetException
03-06 11:14:19.934  3398  3398 E libc    : Access denied finding property "ro.odm.prev.product.name"
03-06 11:14:19.946 11340  3431 E MtpServer: request read returned -1, errno: 5
03-06 11:14:20.196  3371  3371 E libc    : Access denied finding property "persist.vendor.debug.en.drpcrpt"
03-06 11:14:20.225  3371  3371 E libc    : Access denied finding property "persist.device_config.runtime_native_boot.profilebootclasspath"
03-06 11:14:20.225  3371  3371 E libc    : Access denied finding property "persist.device_config.runtime_native_boot.enable_apex_image"
03-06 11:14:20.225  3371  3371 E libc    : Access denied finding property "persist.device_config.runtime_native_boot.disable_lock_profiling"
03-06 11:14:20.225  3371  3371 E libc    : Access denied finding property "persist.device_config.runtime_native_boot.enable_generational_cc"
03-06 11:14:21.422  3789  3789 E libc    : Access denied finding property "persist.vendor.debug.en.drpcrpt"
03-06 11:14:21.460  3789  3789 E libc    : Access denied finding property "persist.device_config.runtime_native_boot.profilebootclasspath"
03-06 11:14:21.460  3789  3789 E libc    : Access denied finding property "persist.device_config.runtime_native_boot.enable_apex_image"
03-06 11:14:21.460  3789  3789 E libc    : Access denied finding property "persist.device_config.runtime_native_boot.disable_lock_profiling"
03-06 11:14:21.460  3789  3789 E libc    : Access denied finding property "persist.device_config.runtime_native_boot.enable_generational_cc"
03-06 11:14:21.624  3465  3807 E ActivityThread: Failed to find provider info for com.android.launcher.OplusFavoritesProvider
03-06 11:14:21.688  3465  3749 E MSP-LOG-SDK-: MspSdkException{code=3014,message=com.heytap.mspsdk.ratelimit.MspRateLimitExceededException: ipc rate limit exceeded in time window}
03-06 11:14:21.688  3465  3749 E MSP-LOG-SDK-: 	at com.heytap.mspsdk.ratelimit.gdb.gdb(Unknown Source:55)
03-06 11:14:21.688  3465  3749 E MSP-LOG-SDK-: 	at com.heytap.mspsdk.interceptor.gdc.gdb(Unknown Source:39)
03-06 11:14:21.688  3465  3749 E MSP-LOG-SDK-: 	at com.heytap.mspsdk.proxy.gdb.gdb(Unknown Source:29)
03-06 11:14:21.688  3465  3749 E MSP-LOG-SDK-: 	at com.heytap.mspsdk.interceptor.gdc.gdb(Unknown Source:39)
03-06 11:14:21.688  3465  3749 E MSP-LOG-SDK-: 	at com.heytap.mspsdk.proxy.gdf.invoke(Unknown Source:202)
03-06 11:14:21.688  3465  3749 E MSP-LOG-SDK-: 	at java.lang.reflect.Proxy.invoke(Proxy.java:1006)
03-06 11:14:21.688  3465  3749 E MSP-LOG-SDK-: 	at $Proxy9.getDynamicCondition(Unknown Source)
03-06 11:14:21.688  3465  3749 E MSP-LOG-SDK-: 	at com.heytap.nearx.tangramconfig.kit.client.KitProxy.getDynamicCondition$lambda$0(Unknown Source:24)
03-06 11:14:21.688  3465  3749 E MSP-LOG-SDK-: 	at com.heytap.nearx.tangramconfig.kit.client.KitProxy.gdb(Unknown Source:0)
03-06 11:14:21.688  3465  3749 E MSP-LOG-SDK-: 	at com.heytap.nearx.tangramconfig.kit.client.gdb.run(Unknown Source:8)
03-06 11:14:21.688  3465  3749 E MSP-LOG-SDK-: 	at java.util.concurrent.ThreadPoolExecutor.runWorker(ThreadPoolExecutor.java:1167)
03-06 11:14:21.688  3465  3749 E MSP-LOG-SDK-: 	at java.util.concurrent.ThreadPoolExecutor$Worker.run(ThreadPoolExecutor.java:641)
03-06 11:14:21.688  3465  3749 E MSP-LOG-SDK-: 	at java.lang.Thread.run(Thread.java:923)
03-06 11:14:21.713  3465  3719 E MSP-LOG-SDK-RateLimitManager: not_allow_invoke because of time_window_not_allow queue = [1772770461687], config = RateLimitConfig{maxCalls=1, timeWindowSeconds=21600, callIntervalSeconds=0}, ipcInvokeTimeQueueMapKey = com.heytap.nearx.tangramconfig.kit.client.ICloudCtrlServiceModule?@?mdp_2190?@?1?@?com.oppo.quicksearchbox, has already call 1 times in 21600 seconds before
03-06 11:14:21.713  3465  3719 E MSP-LOG-SDK-: MspSdkException{code=3014,message=com.heytap.mspsdk.ratelimit.MspRateLimitExceededException: ipc rate limit exceeded in time window}
03-06 11:14:21.713  3465  3719 E MSP-LOG-SDK-: 	at com.heytap.mspsdk.ratelimit.gdb.gdb(Unknown Source:55)
03-06 11:14:21.713  3465  3719 E MSP-LOG-SDK-: 	at com.heytap.mspsdk.interceptor.gdc.gdb(Unknown Source:39)
03-06 11:14:21.713  3465  3719 E MSP-LOG-SDK-: 	at com.heytap.mspsdk.proxy.gdb.gdb(Unknown Source:29)
03-06 11:14:21.713  3465  3719 E MSP-LOG-SDK-: 	at com.heytap.mspsdk.interceptor.gdc.gdb(Unknown Source:39)
03-06 11:14:21.713  3465  3719 E MSP-LOG-SDK-: 	at com.heytap.mspsdk.proxy.gdf.invoke(Unknown Source:202)
03-06 11:14:21.713  3465  3719 E MSP-LOG-SDK-: 	at java.lang.reflect.Proxy.invoke(Proxy.java:1006)
03-06 11:14:21.713  3465  3719 E MSP-LOG-SDK-: 	at $Proxy9.getDynamicCondition(Unknown Source)
03-06 11:14:21.713  3465  3719 E MSP-LOG-SDK-: 	at com.heytap.nearx.tangramconfig.kit.client.KitProxy.getDynamicCondition$lambda$0(Unknown Source:24)
03-06 11:14:21.713  3465  3719 E MSP-LOG-SDK-: 	at com.heytap.nearx.tangramconfig.kit.client.KitProxy.gdb(Unknown Source:0)
03-06 11:14:21.713  3465  3719 E MSP-LOG-SDK-: 	at com.heytap.nearx.tangramconfig.kit.client.gdb.run(Unknown Source:8)
03-06 11:14:21.713  3465  3719 E MSP-LOG-SDK-: 	at java.util.concurrent.ThreadPoolExecutor.runWorker(ThreadPoolExecutor.java:1167)
03-06 11:14:21.713  3465  3719 E MSP-LOG-SDK-: 	at java.util.concurrent.ThreadPoolExecutor$Worker.run(ThreadPoolExecutor.java:641)
03-06 11:14:21.713  3465  3719 E MSP-LOG-SDK-: 	at java.lang.Thread.run(Thread.java:923)
03-06 11:14:21.714  3465  3720 E MSP-LOG-SDK-RateLimitManager: not_allow_invoke because of time_window_not_allow queue = [1772764220854], config = RateLimitConfig{maxCalls=1, timeWindowSeconds=21600, callIntervalSeconds=0}, ipcInvokeTimeQueueMapKey = com.heytap.nearx.tangramconfig.kit.client.ICloudCtrlServiceModule?@?global-domain_1281?@?1?@?com.oppo.quicksearchbox, has already call 1 times in 21600 seconds before
03-06 11:14:21.714  3465  3720 E MSP-LOG-SDK-: MspSdkException{code=3014,message=com.heytap.mspsdk.ratelimit.MspRateLimitExceededException: ipc rate limit exceeded in time window}
03-06 11:14:21.714  3465  3720 E MSP-LOG-SDK-: 	at com.heytap.mspsdk.ratelimit.gdb.gdb(Unknown Source:55)
03-06 11:14:21.714  3465  3720 E MSP-LOG-SDK-: 	at com.heytap.mspsdk.interceptor.gdc.gdb(Unknown Source:39)
03-06 11:14:21.714  3465  3720 E MSP-LOG-SDK-: 	at com.heytap.mspsdk.proxy.gdb.gdb(Unknown Source:29)
03-06 11:14:21.714  3465  3720 E MSP-LOG-SDK-: 	at com.heytap.mspsdk.interceptor.gdc.gdb(Unknown Source:39)
